=== command ===
DEVELOPER_DIR=/Library/Developer/CommandLineTools PLASMO_PUBLIC_PHOTOSWEEP_LICENSE_API_BASE_URL=https://photosweep-license-api-206538169327.us-west1.run.app npx playwright test --config tmp/.../final-runtime-probes.config.ts
=== output ===
(node:34934) [DEP0205] DeprecationWarning: `module.register()` is deprecated. Use `module.registerHooks()` instead.
(Use `node --trace-deprecation ...` to show where the warning was created)

Running 2 tests using 1 worker

(node:34935) Warning: The 'NO_COLOR' env is ignored due to the 'FORCE_COLOR' env being set.
(Use `node --trace-warnings ...` to show where the warning was created)
(node:34935) [DEP0205] DeprecationWarning: `module.register()` is deprecated. Use `module.registerHooks()` instead.
(node:34935) Warning: The 'NO_COLOR' env is ignored due to the 'FORCE_COLOR' env being set.
(Use `node --trace-warnings ...` to show where the warning was created)
  ✓  1 [chromium-extension] › tmp/paid-conversion-verification/20260908T20260908T083456Z/final-runtime-probes.spec.ts:34:5 › consent opt-out is silent and allow sends only an allowlisted event (1.7s)
  ✘  2 [chromium-extension] › tmp/paid-conversion-verification/20260908T20260908T083456Z/final-runtime-probes.spec.ts:100:5 › checkout return with an unverifiable token stays retryable and preserves review (1.0s)


  1) [chromium-extension] › tmp/paid-conversion-verification/20260908T20260908T083456Z/final-runtime-probes.spec.ts:100:5 › checkout return with an unverifiable token stays retryable and preserves review 

    Error: [2mexpect([22m[31mreceived[39m[2m).[22mtoBeDefined[2m()[22m

    Received: [31mundefined[39m

      155 |       .pages()
      156 |       .find((candidate) => candidate.url().includes("checkout.test/return"))
    > 157 |     expect(checkoutTab).toBeDefined()
          |                         ^
      158 |     await checkoutTab?.close()
      159 |     await page.bringToFront()
      160 |     await page.evaluate(() => window.dispatchEvent(new Event("focus")))
        at /Users/mustafadungarpurwala/Dev/GitHub/PhotoDuplicateFinder/tmp/paid-conversion-verification/20260908T20260908T083456Z/final-runtime-probes.spec.ts:157:25

    Error Context: test-results/final-runtime-probes-check-6b0ca-ryable-and-preserves-review-chromium-extension/error-context.md

    Error Context: test-results/final-runtime-probes-check-6b0ca-ryable-and-preserves-review-chromium-extension/error-context.md

  1 failed
    [chromium-extension] › tmp/paid-conversion-verification/20260908T20260908T083456Z/final-runtime-probes.spec.ts:100:5 › checkout return with an unverifiable token stays retryable and preserves review 
  1 passed (3.7s)
=== exit: 1 ===
