# Usage statistics is OFF. We care about your privacy.
# If you want to help our project, consider enabling statistics with config --enable-stats=true.

Output directory: /tmp/safe01-closure-investigation-20261002/run-0623-negative/KeeperSelection.tla/2026-10-02T14-26-15_8304791721299107841
# APALACHE version: 0.62.3 | build: 3eb15b2                       I@14:26:16.014
  > constants-negative.cfg: Loading TLC configuration             I@14:26:16.017
checker.init overrides the value from the TLC configuration.      W@14:26:16.073
checker.next overrides the value from the TLC configuration.      W@14:26:16.073
Tuning:                                                           I@14:26:16.073
PASS #0: SanyParser                                               I@14:26:16.234
PASS #1: TypeCheckerSnowcat                                       I@14:26:16.548
 > Running Snowcat .::.                                           I@14:26:16.548
 > Your types are purrfect!                                       I@14:26:16.899
 > All expressions are typed                                      I@14:26:16.899
PASS #2: ConfigurationPass                                        I@14:26:16.900
  > constants-negative.cfg: found INVARIANTS: InvSelectionSafety  I@14:26:17.065
  > Set the initialization predicate to InvSelectionSafety        I@14:26:17.067
  > Set the transition predicate to Next                          I@14:26:17.067
  > Set the constant initialization predicate to CInit            I@14:26:17.067
  > Set an invariant to InvSelectionSafety                        I@14:26:17.067
PASS #3: DesugarerPass                                            I@14:26:17.072
  > Desugaring...                                                 I@14:26:17.072
PASS #4: InlinePass                                               I@14:26:17.091
Leaving only relevant operators: CInit, CInitPrimed, InvSelectionSafety, InvSelectionSafetyPrimed, Next I@14:26:17.092
PASS #5: TemporalPass                                             I@14:26:17.241
  > Rewriting temporal operators...                               I@14:26:17.241
  > No temporal property specified, nothing to encode             I@14:26:17.241
PASS #6: InlinePass                                               I@14:26:17.241
Leaving only relevant operators: CInit, CInitPrimed, InvSelectionSafety, InvSelectionSafetyPrimed, Next I@14:26:17.241
PASS #7: PrimingPass                                              I@14:26:17.271
  > Introducing CInitPrimed for CInit'                            I@14:26:17.272
  > Introducing InvSelectionSafetyPrimed for InvSelectionSafety'  I@14:26:17.273
PASS #8: VCGen                                                    I@14:26:17.279
  > Producing verification conditions from the invariant InvSelectionSafety I@14:26:17.279
  > VCGen produced 31 verification condition(s)                   I@14:26:17.284
PASS #9: PreprocessingPass                                        I@14:26:17.290
  > Before preprocessing: unique renaming                         I@14:26:17.290
 > Applying standard transformations:                             I@14:26:17.294
  > PrimePropagation                                              I@14:26:17.295
  > Desugarer                                                     I@14:26:17.302
  > UniqueRenamer                                                 I@14:26:17.330
  > Normalizer                                                    I@14:26:17.374
  > SetMembershipSimplifier                                       I@14:26:17.390
  > Keramelizer                                                   I@14:26:17.405
  > After preprocessing: UniqueRenamer                            I@14:26:17.443
PASS #10: TransitionFinderPass                                    I@14:26:17.494
  > Found 1 initializing transitions                              I@14:26:17.518
  > Found 7 transitions                                           I@14:26:17.523
  > Found constant initializer CInit                              I@14:26:17.523
  > Applying unique renaming                                      I@14:26:17.524
PASS #11: OptimizationPass                                        I@14:26:17.555
 > Applying optimizations:                                        I@14:26:17.558
  > ConstSimplifier                                               I@14:26:17.558
  > ExprOptimizer                                                 I@14:26:17.632
  > SetMembershipSimplifier                                       I@14:26:17.664
  > ConstSimplifier                                               I@14:26:17.671
PASS #12: AnalysisPass                                            I@14:26:17.743
 > Marking skolemizable existentials and sets to be expanded...   I@14:26:17.744
  > Skolemization                                                 I@14:26:17.745
  > Expansion                                                     I@14:26:17.747
  > Remove unused let-in defs                                     I@14:26:17.763
 > Running analyzers...                                           I@14:26:17.773
  > Introduced expression grades                                  I@14:26:17.780
PASS #13: BoundedChecker                                          I@14:26:17.781
State 0: Checking 31 state invariants                             I@14:26:27.681
State 0: state invariant 0 holds.                                 I@14:26:27.686
State 0: state invariant 1 holds.                                 I@14:26:27.735
State 0: state invariant 2 holds.                                 I@14:26:27.748
State 0: state invariant 3 holds.                                 I@14:26:27.767
State 0: state invariant 4 holds.                                 I@14:26:27.855
State 0: state invariant 5 holds.                                 I@14:26:27.965
State 0: state invariant 6 holds.                                 I@14:26:28.027
State 0: state invariant 7 holds.                                 I@14:26:28.187
State 0: state invariant 8 holds.                                 I@14:26:28.373
State 0: state invariant 9 holds.                                 I@14:26:28.633
State 0: state invariant 10 holds.                                I@14:26:29.003
State 0: state invariant 11 holds.                                I@14:26:29.012
State 0: state invariant 12 holds.                                I@14:26:29.023
State 0: state invariant 13 holds.                                I@14:26:29.032
State 0: state invariant 14 holds.                                I@14:26:29.040
State 0: state invariant 15 holds.                                I@14:26:29.049
State 0: state invariant 16 holds.                                I@14:26:29.178
State 0: state invariant 17 holds.                                I@14:26:29.267
State 0: state invariant 18 holds.                                I@14:26:29.293
State 0: state invariant 19 holds.                                I@14:26:29.327
State 0: state invariant 20 holds.                                I@14:26:29.363
State 0: state invariant 21 holds.                                I@14:26:29.368
State 0: state invariant 22 holds.                                I@14:26:29.373
State 0: state invariant 23 holds.                                I@14:26:29.391
State 0: state invariant 24 holds.                                I@14:26:29.398
State 0: state invariant 25 holds.                                I@14:26:29.403
State 0: state invariant 26 holds.                                I@14:26:29.409
State 0: state invariant 27 holds.                                I@14:26:29.415
State 0: state invariant 28 holds.                                I@14:26:29.431
State 0: state invariant 29 holds.                                I@14:26:29.437
State 0: state invariant 30 holds.                                I@14:26:29.442
Step 0: picking a transition out of 1 transition(s)               I@14:26:29.454
State 1: Checking 25 state invariants                             I@14:26:36.736
State 1: state invariant 0 holds.                                 I@14:26:36.742
State 1: state invariant 1 holds.                                 I@14:26:37.023
State 1: state invariant 3 holds.                                 I@14:26:37.036
State 1: state invariant 4 holds.                                 I@14:26:37.054
State 1: state invariant 5 holds.                                 I@14:26:37.534
State 1: state invariant 9 holds.                                 I@14:26:38.818
State 1: state invariant 10 holds.                                I@14:26:39.809
State 1: state invariant 11 holds.                                I@14:26:39.824
State 1: state invariant 12 holds.                                I@14:26:39.839
State 1: state invariant 13 holds.                                I@14:26:39.854
State 1: state invariant 14 holds.                                I@14:26:39.867
State 1: state invariant 15 holds.                                I@14:26:39.879
State 1: state invariant 16 holds.                                I@14:26:41.103
State 1: state invariant 17 holds.                                I@14:26:41.988
State 1: state invariant 18 holds.                                I@14:26:44.399
State 1: state invariant 19 holds.                                I@14:26:46.703
State 1: state invariant 20 holds.                                I@14:26:46.725
Check the trace in: /tmp/safe01-closure-investigation-20261002/run-0623-negative/KeeperSelection.tla/2026-10-02T14-26-15_8304791721299107841/violation1.tla, /tmp/safe01-closure-investigation-20261002/run-0623-negative/KeeperSelection.tla/2026-10-02T14-26-15_8304791721299107841/MCviolation1.out, /tmp/safe01-closure-investigation-20261002/run-0623-negative/KeeperSelection.tla/2026-10-02T14-26-15_8304791721299107841/violation1.json, /tmp/safe01-closure-investigation-20261002/run-0623-negative/KeeperSelection.tla/2026-10-02T14-26-15_8304791721299107841/violation1.itf.json I@14:26:49.441
State 1: state invariant 21 violated.                             I@14:26:49.441
Found 1 error(s)                                                  I@14:26:49.455
The outcome is: Error                                             I@14:26:49.766
Checker has found an error                                        I@14:26:49.785
It took me 0 days  0 hours  0 min 33 sec                          I@14:26:49.785
Total time: 33.768 sec                                            I@14:26:49.785
EXITCODE: ERROR (12)
