$ npm ci
npm warn deprecated stable@0.1.8: Modern JS already guarantees Array#sort() is a stable sort, so this library is deprecated. See the compatibility table on MDN: https://developer.mozilla.org/en-US/docs/Web/JavaScript/Reference/Global_Objects/Array/sort#browser_compatibility
npm warn deprecated source-map@0.8.0-beta.0: The work that was done in this beta branch won't be included in future versions
npm warn deprecated node-domexception@1.0.0: Use your platform's native DOMException instead
npm warn deprecated glob@10.5.0: Old versions of glob are not supported, and contain widely publicized security vulnerabilities, which have been fixed in the current version. Please update. Support for old versions may be purchased (at exorbitant rates) by contacting i@izs.me
npm error code 1
npm error path /Users/mustafadungarpurwala/Dev/GitHub/PhotoDuplicateFinder/node_modules/tsup/node_modules/esbuild
npm error command failed
npm error command sh -c node install.js
npm error node:internal/errors:983
npm error   const err = new Error(message);
npm error               ^
npm error
npm error Error: Command failed: /Users/mustafadungarpurwala/Dev/GitHub/PhotoDuplicateFinder/node_modules/tsup/node_modules/esbuild/bin/esbuild --version
npm error     at genericNodeError (node:internal/errors:983:15)
npm error     at wrappedFn (node:internal/errors:537:14)
npm error     at checkExecSyncError (node:child_process:916:11)
npm error     at Object.execFileSync (node:child_process:952:15)
npm error     at validateBinaryVersion (/Users/mustafadungarpurwala/Dev/GitHub/PhotoDuplicateFinder/node_modules/tsup/node_modules/esbuild/install.js:98:28)
npm error     at /Users/mustafadungarpurwala/Dev/GitHub/PhotoDuplicateFinder/node_modules/tsup/node_modules/esbuild/install.js:285:5 {
npm error   status: null,
npm error   signal: 'SIGKILL',
npm error   output: [ null, Buffer(0) [Uint8Array] [], Buffer(0) [Uint8Array] [] ],
npm error   pid: 66022,
npm error   stdout: Buffer(0) [Uint8Array] [],
npm error   stderr: Buffer(0) [Uint8Array] []
npm error }
npm error
npm error Node.js v22.23.1
npm error A complete log of this run can be found in: /Users/mustafadungarpurwala/.aside/runtime/tmp/npm-cache/_logs/2026-07-28T22_21_28_906Z-debug-0.log
