$ npm audit --omit=dev --audit-level=high
# npm audit report

brace-expansion  <=5.0.7
Severity: high
brace-expansion: DoS via unbounded expansion length causing an out-of-memory process crash - https://github.com/advisories/GHSA-mh99-v99m-4gvg
fix available via `npm audit fix`
node_modules/brace-expansion
  minimatch  2.0.0 - 10.0.2
  Depends on vulnerable versions of brace-expansion
  node_modules/minimatch
    glob  4.3.0 - 10.5.0
    Depends on vulnerable versions of minimatch
    node_modules/glob
      rimraf  2.3.0 - 3.0.2 || 4.2.0 - 5.0.10
      Depends on vulnerable versions of glob
      node_modules/rimraf
        gaxios  7.1.3
        Depends on vulnerable versions of rimraf
        node_modules/gcp-metadata/node_modules/gaxios
          gcp-metadata  >=8.1.3
          Depends on vulnerable versions of gaxios
          node_modules/gcp-metadata
        google-gax  5.0.5 - 5.0.8
        Depends on vulnerable versions of rimraf
        node_modules/google-gax

nanoid  4.0.0 - 5.0.8
Severity: moderate
Predictable results in nanoid generation when given non-integer values - https://github.com/advisories/GHSA-mwcw-c2x4-8c55
fix available via `npm audit fix --force`
Will install @plasmohq/messaging@0.7.2, which is a breaking change
node_modules/nanoid
  @plasmohq/messaging  0.2.0 - 0.7.1
  Depends on vulnerable versions of nanoid
  node_modules/@plasmohq/messaging

9 vulnerabilities (2 moderate, 7 high)

To address issues that do not require attention, run:
  npm audit fix

To address all issues (including breaking changes), run:
  npm audit fix --force
