(node:28383) [DEP0205] DeprecationWarning: `module.register()` is deprecated. Use `module.registerHooks()` instead.
(Use `node --trace-deprecation ...` to show where the warning was created)

Running 2 tests using 1 worker

(node:28384) Warning: The 'NO_COLOR' env is ignored due to the 'FORCE_COLOR' env being set.
(Use `node --trace-warnings ...` to show where the warning was created)
(node:28384) [DEP0205] DeprecationWarning: `module.register()` is deprecated. Use `module.registerHooks()` instead.
(node:28384) Warning: The 'NO_COLOR' env is ignored due to the 'FORCE_COLOR' env being set.
(Use `node --trace-warnings ...` to show where the warning was created)
  ✓  1 [chromium-extension] › tests/e2e/integration/app-tab.test.ts:327:5 › drops a delayed old-account trash result after identity changes (4.1s)
  ✘  2 [chromium-extension] › tests/e2e/integration/app-tab.test.ts:407:5 › retires a deferred scan upgrade suggestion after identity changes (30.0s)


  1) [chromium-extension] › tests/e2e/integration/app-tab.test.ts:407:5 › retires a deferred scan upgrade suggestion after identity changes 

    [31mTest timeout of 30000ms exceeded.[39m

    Error: browserContext.newPage: Protocol error (Target.createTarget): Failed to open a new tab

       at ../fixtures/extension.ts:40

      38 |   }
      39 |
    > 40 |   const page = await context.newPage()
         |                              ^
      41 |   // A static extension resource gives this page chrome.storage access without
      42 |   // booting the app, whose startup effects would race test storage setup.
      43 |   await page.goto(`chrome-extension://${extensionId}/manifest.json`)
        at openExtensionStoragePage (/Users/mustafadungarpurwala/Dev/GitHub/PhotoDuplicateFinder/tests/e2e/fixtures/extension.ts:40:30)
        at withExtensionStorage (/Users/mustafadungarpurwala/Dev/GitHub/PhotoDuplicateFinder/tests/e2e/fixtures/extension.ts:211:22)
        at clearStorage (/Users/mustafadungarpurwala/Dev/GitHub/PhotoDuplicateFinder/tests/e2e/fixtures/extension.ts:322:9)
        at /Users/mustafadungarpurwala/Dev/GitHub/PhotoDuplicateFinder/tests/e2e/integration/app-tab.test.ts:490:23

    Error Context: test-results/app-tab-retires-a-deferred-136b1-tion-after-identity-changes-chromium-extension/error-context.md

    Error Context: test-results/app-tab-retires-a-deferred-136b1-tion-after-identity-changes-chromium-extension/error-context.md

  1 failed
    [chromium-extension] › tests/e2e/integration/app-tab.test.ts:407:5 › retires a deferred scan upgrade suggestion after identity changes 
  1 passed (35.4s)
